[ackermann] running with M = 0 and N = 0
[ackermann] returned 1
