Chess
Search to a depth of 3
1. ... g1f3
My move is: g1f3
